// Jest Snapshot v1, https://goo.gl/fbAQLP

exports[`renders match snapshot 1`] = `
Array [
  <div
    className="weather-widget-form"
  >
    <div
      className="weather-widget-form__row"
    >
      <label
        className="weather-widget-form__label"
        htmlFor="widgetTitle"
      >
        Title
      </label>
      <input
        className="weather-widget-form__input--text"
        id="widgetTitle"
        name="widgetTitle"
        onChange={[Function]}
        placeholder="Title of widget"
        type="text"
        value="widget title"
      />
    </div>
    <div
      className="weather-widget-form__row"
    >
      <label
        className="weather-widget-form__label"
      >
        Temperature
      </label>
      <label
        className="weather-widget-form__radio-containder"
      >
        <span
          className="weather-widget-form__radio-title"
        >
          ℃
        </span>
        <input
          checked={true}
          name="temperature"
          onChange={[Function]}
          type="radio"
          value="C"
        />
        <span
          className="weather-widget-form__radio-btn"
        />
      </label>
      <label
        className="weather-widget-form__radio-containder"
      >
        <span
          className="weather-widget-form__radio-title"
        >
          ℉
        </span>
        <input
          checked={false}
          name="temperature"
          onChange={[Function]}
          type="radio"
          value="F"
        />
        <span
          className="weather-widget-form__radio-btn"
        />
      </label>
    </div>
    <div
      className="weather-widget-form__row"
      onChange={[Function]}
    >
      <label
        className="weather-widget-form__label"
      >
        Wind
      </label>
      <label
        className="weather-widget-form__radio-containder"
      >
        <span
          className="weather-widget-form__radio-title"
        >
          On
        </span>
        <input
          defaultChecked={true}
          name="wind"
          type="radio"
          value="on"
        />
        <span
          className="weather-widget-form__radio-btn"
        />
      </label>
      <label
        className="weather-widget-form__radio-containder"
      >
        <span
          className="weather-widget-form__radio-title"
        >
          Off
        </span>
        <input
          name="wind"
          type="radio"
          value="off"
        />
        <span
          className="weather-widget-form__radio-btn"
        />
      </label>
    </div>
  </div>,
]
`;
